{
    "Should run without failures": {
        "content": [
            {
                "0": [
                    [
                        {
                            "id": "testsample"
                        },
                        "testsample_noqc.fastq.gz:md5,18199a800dd991e815b9f6c84935f1ca"
                    ]
                ],
                "fastq": [
                    [
                        {
                            "id": "testsample"
                        },
                        "testsample_noqc.fastq.gz:md5,18199a800dd991e815b9f6c84935f1ca"
                    ]
                ]
            }
        ],
        "meta": {
            "nf-test": "0.9.0",
            "nextflow": "24.04.4"
        },
        "timestamp": "2024-09-20T16:53:51.65008"
    }
}